#
# There is insufficient memory for the Java Runtime Environment to continue.
# Native memory allocation (malloc) failed to allocate 398096 bytes. Error detail: Chunk::new
# Possible reasons:
#   The system is out of physical RAM or swap space
#   This process is running with CompressedOops enabled, and the Java Heap may be blocking the growth of the native heap
# Possible solutions:
#   Reduce memory load on the system
#   Increase physical memory or swap space
#   Check if swap backing store is full
#   Decrease Java heap size (-Xmx/-Xms)
#   Decrease number of Java threads
#   Decrease Java thread stack sizes (-Xss)
#   Set larger code cache with -XX:ReservedCodeCacheSize=
#   JVM is running with Unscaled Compressed Oops mode in which the Java heap is
#     placed in the first 4GB address space. The Java Heap base address is the
#     maximum limit for the native heap growth. Please use -XX:HeapBaseMinAddress
#     to set the Java Heap base and to place the Java Heap above 4GB virtual address.
# This output file may be truncated or incomplete.
#
#  Out of Memory Error (arena.cpp:168), pid=3044, tid=25276
#
# JRE version: OpenJDK Runtime Environment Temurin-21.0.6+7 (21.0.6+7) (build 21.0.6+7-LTS)
# Java VM: OpenJDK 64-Bit Server VM Temurin-21.0.6+7 (21.0.6+7-LTS, mixed mode, sharing, tiered, compressed oops, compressed class ptrs, parallel gc, windows-amd64)
# No core dump will be written. Minidumps are not enabled by default on client versions of Windows
#

---------------  S U M M A R Y ------------

Command Line: --add-modules=ALL-SYSTEM --add-opens=java.base/java.util=ALL-UNNAMED --add-opens=java.base/java.lang=ALL-UNNAMED --add-opens=java.base/sun.nio.fs=ALL-UNNAMED -Declipse.application=org.eclipse.jdt.ls.core.id1 -Dosgi.bundles.defaultStartLevel=4 -Declipse.product=org.eclipse.jdt.ls.core.product -Djava.import.generatesMetadataFilesAtProjectRoot=false -DDetectVMInstallationsJob.disabled=true -Dfile.encoding=utf8 -XX:+UseParallelGC -XX:GCTimeRatio=4 -XX:AdaptiveSizePolicyWeight=90 -Dsun.zip.disableMemoryMapping=true -Xmx1G -Xms100m -Xlog:disable -javaagent:c:\Users\LENOVO\.vscode\extensions\redhat.java-1.40.0-win32-x64\lombok\lombok-1.18.36.jar -XX:+HeapDumpOnOutOfMemoryError -XX:HeapDumpPath=c:\Users\LENOVO\AppData\Roaming\Code\User\workspaceStorage\eacd261f92831664c26fe119adcf6410\redhat.java -Daether.dependencyCollector.impl=bf c:\Users\LENOVO\.vscode\extensions\redhat.java-1.40.0-win32-x64\server\plugins\org.eclipse.equinox.launcher_1.6.1000.v20250131-0606.jar -configuration c:\Users\LENOVO\AppData\Roaming\Code\User\globalStorage\redhat.java\1.40.0\config_win -data c:\Users\LENOVO\AppData\Roaming\Code\User\workspaceStorage\eacd261f92831664c26fe119adcf6410\redhat.java\jdt_ws --pipe=\\.\pipe\lsp-8500dcbad681ac1cfb6a92da9dd25f2d-sock

Host: AMD Ryzen 3 7320U with Radeon Graphics         , 8 cores, 5G,  Windows 11 , 64 bit Build 22621 (10.0.22621.4830)
Time: Tue Mar 11 08:57:51 2025 Sri Lanka Standard Time elapsed time: 2.032635 seconds (0d 0h 0m 2s)

---------------  T H R E A D  ---------------

Current thread (0x0000027aa5baa530):  JavaThread "C2 CompilerThread0" daemon [_thread_in_native, id=25276, stack(0x0000009a98200000,0x0000009a98300000) (1024K)]


Current CompileTask:
C2:2032 1283       4       lombok.launch.PackageShader::apply (252 bytes)

Stack: [0x0000009a98200000,0x0000009a98300000]
Native frames: (J=compiled Java code, j=interpreted, Vv=VM code, C=native code)
V  [jvm.dll+0x6cdee9]
V  [jvm.dll+0x8a83d1]
V  [jvm.dll+0x8aa8fe]
V  [jvm.dll+0x8aafe3]
V  [jvm.dll+0x27f706]
V  [jvm.dll+0xc500d]
V  [jvm.dll+0xc5543]
V  [jvm.dll+0x2f2acd]
V  [jvm.dll+0x5f6a2a]
V  [jvm.dll+0x250bb2]
V  [jvm.dll+0x250f6f]
V  [jvm.dll+0x249834]
V  [jvm.dll+0x246ec4]
V  [jvm.dll+0x1c75ee]
V  [jvm.dll+0x25685a]
V  [jvm.dll+0x254dfa]
V  [jvm.dll+0x3f0256]
V  [jvm.dll+0x851f8b]
V  [jvm.dll+0x6cc5ed]
C  [ucrtbase.dll+0x29333]
C  [KERNEL32.DLL+0x1259d]
C  [ntdll.dll+0x5af38]


---------------  P R O C E S S  ---------------

Threads class SMR info:
_java_thread_list=0x0000027ae886fc20, length=11, elements={
0x0000027a917eb720, 0x0000027aa5b9cc20, 0x0000027aa5b9e160, 0x0000027aa5ba2d90,
0x0000027aa5ba49f0, 0x0000027aa5ba58a0, 0x0000027aa5ba6620, 0x0000027aa5baa530,
0x0000027aa5bc8480, 0x0000027ae872b960, 0x0000027ae8992fe0
}

Java Threads: ( => current thread )
  0x0000027a917eb720 JavaThread "main"                              [_thread_in_Java, id=26292, stack(0x0000009a97800000,0x0000009a97900000) (1024K)]
  0x0000027aa5b9cc20 JavaThread "Reference Handler"          daemon [_thread_blocked, id=25944, stack(0x0000009a97c00000,0x0000009a97d00000) (1024K)]
  0x0000027aa5b9e160 JavaThread "Finalizer"                  daemon [_thread_blocked, id=27712, stack(0x0000009a97d00000,0x0000009a97e00000) (1024K)]
  0x0000027aa5ba2d90 JavaThread "Signal Dispatcher"          daemon [_thread_blocked, id=30944, stack(0x0000009a97e00000,0x0000009a97f00000) (1024K)]
  0x0000027aa5ba49f0 JavaThread "Attach Listener"            daemon [_thread_blocked, id=26580, stack(0x0000009a97f00000,0x0000009a98000000) (1024K)]
  0x0000027aa5ba58a0 JavaThread "Service Thread"             daemon [_thread_blocked, id=32704, stack(0x0000009a98000000,0x0000009a98100000) (1024K)]
  0x0000027aa5ba6620 JavaThread "Monitor Deflation Thread"   daemon [_thread_blocked, id=3008, stack(0x0000009a98100000,0x0000009a98200000) (1024K)]
=>0x0000027aa5baa530 JavaThread "C2 CompilerThread0"         daemon [_thread_in_native, id=25276, stack(0x0000009a98200000,0x0000009a98300000) (1024K)]
  0x0000027aa5bc8480 JavaThread "C1 CompilerThread0"         daemon [_thread_blocked, id=22008, stack(0x0000009a98300000,0x0000009a98400000) (1024K)]
  0x0000027ae872b960 JavaThread "Common-Cleaner"             daemon [_thread_blocked, id=15472, stack(0x0000009a98400000,0x0000009a98500000) (1024K)]
  0x0000027ae8992fe0 JavaThread "Notification Thread"        daemon [_thread_blocked, id=12716, stack(0x0000009a98500000,0x0000009a98600000) (1024K)]
Total: 11

Other Threads:
  0x0000027aa5b82660 VMThread "VM Thread"                           [id=10044, stack(0x0000009a97b00000,0x0000009a97c00000) (1024K)]
  0x0000027a91859990 WatcherThread "VM Periodic Task Thread"        [id=33164, stack(0x0000009a97a00000,0x0000009a97b00000) (1024K)]
  0x0000027a9180d0f0 WorkerThread "GC Thread#0"                     [id=24556, stack(0x0000009a97900000,0x0000009a97a00000) (1024K)]
  0x0000027aed3a3530 WorkerThread "GC Thread#1"                     [id=25920, stack(0x0000009a98600000,0x0000009a98700000) (1024K)]
  0x0000027ae89d0310 WorkerThread "GC Thread#2"                     [id=6320, stack(0x0000009a98700000,0x0000009a98800000) (1024K)]
  0x0000027ae8a154e0 WorkerThread "GC Thread#3"                     [id=11168, stack(0x0000009a98800000,0x0000009a98900000) (1024K)]
  0x0000027aed13b470 WorkerThread "GC Thread#4"                     [id=27772, stack(0x0000009a98900000,0x0000009a98a00000) (1024K)]
  0x0000027aed13b810 WorkerThread "GC Thread#5"                     [id=3960, stack(0x0000009a98a00000,0x0000009a98b00000) (1024K)]
  0x0000027aed2d49d0 WorkerThread "GC Thread#6"                     [id=29980, stack(0x0000009a98b00000,0x0000009a98c00000) (1024K)]
Total: 9

Threads with active compile tasks:
C2 CompilerThread0  2114 1283       4       lombok.launch.PackageShader::apply (252 bytes)
Total: 1

VM state: not at safepoint (normal execution)

VM Mutex/Monitor currently owned by a thread: None

Heap address: 0x00000000c0000000, size: 1024 MB, Compressed Oops mode: 32-bit

CDS archive(s) mapped at: [0x0000027aa6000000-0x0000027aa6ba0000-0x0000027aa6ba0000), size 12189696, SharedBaseAddress: 0x0000027aa6000000, ArchiveRelocationMode: 1.
Compressed class space mapped at: 0x0000027aa7000000-0x0000027ae7000000, reserved size: 1073741824
Narrow klass base: 0x0000027aa6000000, Narrow klass shift: 0, Narrow klass range: 0x100000000

GC Precious Log:
 CardTable entry size: 512
 CPUs: 8 total, 8 available
 Memory: 5877M
 Large Page Support: Disabled
 NUMA Support: Disabled
 Compressed Oops: Enabled (32-bit)
 Alignments: Space 512K, Generation 512K, Heap 2M
 Heap Min Capacity: 100M
 Heap Initial Capacity: 100M
 Heap Max Capacity: 1G
 Pre-touch: Disabled
 Parallel Workers: 8

Heap:
 PSYoungGen      total 29696K, used 14468K [0x00000000eab00000, 0x00000000ecc00000, 0x0000000100000000)
  eden space 25600K, 44% used [0x00000000eab00000,0x00000000eb60f828,0x00000000ec400000)
  from space 4096K, 76% used [0x00000000ec400000,0x00000000ec7117f0,0x00000000ec800000)
  to   space 4096K, 0% used [0x00000000ec800000,0x00000000ec800000,0x00000000ecc00000)
 ParOldGen       total 68608K, used 16K [0x00000000c0000000, 0x00000000c4300000, 0x00000000eab00000)
  object space 68608K, 0% used [0x00000000c0000000,0x00000000c0004000,0x00000000c4300000)
 Metaspace       used 6324K, committed 6592K, reserved 1114112K
  class space    used 606K, committed 704K, reserved 1048576K

Card table byte_map: [0x0000027a911c0000,0x0000027a913d0000] _byte_map_base: 0x0000027a90bc0000

Marking Bits: (ParMarkBitMap*) 0x00007ff851cd3260
 Begin Bits: [0x0000027aa39e0000, 0x0000027aa49e0000)
 End Bits:   [0x0000027aa49e0000, 0x0000027aa59e0000)

Polling page: 0x0000027a90fb0000

Metaspace:

Usage:
  Non-class:      5.58 MB used.
      Class:    606.54 KB used.
       Both:      6.18 MB used.

Virtual space:
  Non-class space:       64.00 MB reserved,       5.75 MB (  9%) committed,  1 nodes.
      Class space:        1.00 GB reserved,     704.00 KB ( <1%) committed,  1 nodes.
             Both:        1.06 GB reserved,       6.44 MB ( <1%) committed. 

Chunk freelists:
   Non-Class:  9.84 MB
       Class:  15.34 MB
        Both:  25.19 MB

MaxMetaspaceSize: unlimited
CompressedClassSpaceSize: 1.00 GB
Initial GC threshold: 21.00 MB
Current GC threshold: 21.00 MB
CDS: on
 - commit_granule_bytes: 65536.
 - commit_granule_words: 8192.
 - virtual_space_node_default_size: 8388608.
 - enlarge_chunks_in_place: 1.
 - use_allocation_guard: 0.


Internal statistics:

num_allocs_failed_limit: 0.
num_arena_births: 156.
num_arena_deaths: 0.
num_vsnodes_births: 2.
num_vsnodes_deaths: 0.
num_space_committed: 103.
num_space_uncommitted: 0.
num_chunks_returned_to_freelist: 0.
num_chunks_taken_from_freelist: 273.
num_chunk_merges: 0.
num_chunk_splits: 187.
num_chunks_enlarged: 133.
num_inconsistent_stats: 0.

CodeHeap 'non-profiled nmethods': size=120000Kb used=451Kb max_used=451Kb free=119548Kb
 bounds [0x0000027a9c4b0000, 0x0000027a9c720000, 0x0000027aa39e0000]
CodeHeap 'profiled nmethods': size=120000Kb used=2320Kb max_used=2320Kb free=117679Kb
 bounds [0x0000027a949e0000, 0x0000027a94c50000, 0x0000027a9bf10000]
CodeHeap 'non-nmethods': size=5760Kb used=1204Kb max_used=1221Kb free=4555Kb
 bounds [0x0000027a9bf10000, 0x0000027a9c180000, 0x0000027a9c4b0000]
 total_blobs=1795 nmethods=1330 adapters=372
 compilation: enabled
              stopped_count=0, restarted_count=0
 full_count=0

Compilation events (20 events):
Event: 1.896 Thread 0x0000027aa5bc8480 1290       3       org.lombokweb.asm.ClassReader::readUnsignedShort (26 bytes)
Event: 1.897 Thread 0x0000027aa5bc8480 nmethod 1290 0x0000027a94c0bd90 code [0x0000027a94c0bf40, 0x0000027a94c0c0b0]
Event: 1.897 Thread 0x0000027aa5bc8480 1292       3       org.lombokweb.asm.ClassReader::readUtf (161 bytes)
Event: 1.897 Thread 0x0000027aa5bc8480 nmethod 1292 0x0000027a94c0c190 code [0x0000027a94c0c380, 0x0000027a94c0c7d0]
Event: 1.897 Thread 0x0000027aa5bc8480 1291       3       org.lombokweb.asm.ClassReader::readUtf (44 bytes)
Event: 1.898 Thread 0x0000027aa5bc8480 nmethod 1291 0x0000027a94c0ca90 code [0x0000027a94c0cc60, 0x0000027a94c0d018]
Event: 1.898 Thread 0x0000027aa5bc8480 1293       3       org.lombokweb.asm.ClassReader::getItem (7 bytes)
Event: 1.898 Thread 0x0000027aa5bc8480 nmethod 1293 0x0000027a94c0d210 code [0x0000027a94c0d3c0, 0x0000027a94c0d4f8]
Event: 1.898 Thread 0x0000027aa5bc8480 1294       3       org.lombokweb.asm.Symbol::<init> (38 bytes)
Event: 1.898 Thread 0x0000027aa5bc8480 nmethod 1294 0x0000027a94c0d610 code [0x0000027a94c0d7c0, 0x0000027a94c0d980]
Event: 1.898 Thread 0x0000027aa5bc8480 1295       3       org.lombokweb.asm.SymbolTable::add (39 bytes)
Event: 1.898 Thread 0x0000027aa5bc8480 nmethod 1295 0x0000027a94c0da90 code [0x0000027a94c0dc40, 0x0000027a94c0df00]
Event: 1.899 Thread 0x0000027aa5bc8480 1297       3       java.io.File::getAbsolutePath (8 bytes)
Event: 1.899 Thread 0x0000027aa5bc8480 nmethod 1297 0x0000027a94c0e090 code [0x0000027a94c0e240, 0x0000027a94c0e390]
Event: 1.902 Thread 0x0000027aa5bc8480 1298       3       org.lombokweb.asm.ClassReader::readUTF8 (23 bytes)
Event: 1.902 Thread 0x0000027aa5bc8480 nmethod 1298 0x0000027a94c0e410 code [0x0000027a94c0e5e0, 0x0000027a94c0e828]
Event: 1.908 Thread 0x0000027aa5bc8480 1299       3       java.net.URI$Parser::scan (53 bytes)
Event: 1.909 Thread 0x0000027aa5bc8480 nmethod 1299 0x0000027a94c0e910 code [0x0000027a94c0eb60, 0x0000027a94c0f3c8]
Event: 1.911 Thread 0x0000027aa5bc8480 1301       3       java.net.URI::toString (16 bytes)
Event: 1.911 Thread 0x0000027aa5bc8480 nmethod 1301 0x0000027a94c0f810 code [0x0000027a94c0f9c0, 0x0000027a94c0fb38]

GC Heap History (2 events):
Event: 1.531 GC heap before
{Heap before GC invocations=1 (full 0):
 PSYoungGen      total 29696K, used 25600K [0x00000000eab00000, 0x00000000ecc00000, 0x0000000100000000)
  eden space 25600K, 100% used [0x00000000eab00000,0x00000000ec400000,0x00000000ec400000)
  from space 4096K, 0% used [0x00000000ec800000,0x00000000ec800000,0x00000000ecc00000)
  to   space 4096K, 0% used [0x00000000ec400000,0x00000000ec400000,0x00000000ec800000)
 ParOldGen       total 68608K, used 0K [0x00000000c0000000, 0x00000000c4300000, 0x00000000eab00000)
  object space 68608K, 0% used [0x00000000c0000000,0x00000000c0000000,0x00000000c4300000)
 Metaspace       used 4507K, committed 4736K, reserved 1114112K
  class space    used 454K, committed 576K, reserved 1048576K
}
Event: 1.539 GC heap after
{Heap after GC invocations=1 (full 0):
 PSYoungGen      total 29696K, used 3141K [0x00000000eab00000, 0x00000000ecc00000, 0x0000000100000000)
  eden space 25600K, 0% used [0x00000000eab00000,0x00000000eab00000,0x00000000ec400000)
  from space 4096K, 76% used [0x00000000ec400000,0x00000000ec7117f0,0x00000000ec800000)
  to   space 4096K, 0% used [0x00000000ec800000,0x00000000ec800000,0x00000000ecc00000)
 ParOldGen       total 68608K, used 16K [0x00000000c0000000, 0x00000000c4300000, 0x00000000eab00000)
  object space 68608K, 0% used [0x00000000c0000000,0x00000000c0004000,0x00000000c4300000)
 Metaspace       used 4507K, committed 4736K, reserved 1114112K
  class space    used 454K, committed 576K, reserved 1048576K
}

Dll operation events (8 events):
Event: 0.045 Loaded shared library c:\Users\LENOVO\.vscode\extensions\redhat.java-1.40.0-win32-x64\jre\21.0.6-win32-x86_64\bin\java.dll
Event: 0.221 Loaded shared library c:\Users\LENOVO\.vscode\extensions\redhat.java-1.40.0-win32-x64\jre\21.0.6-win32-x86_64\bin\zip.dll
Event: 0.293 Loaded shared library C:\Users\LENOVO\.vscode\extensions\redhat.java-1.40.0-win32-x64\jre\21.0.6-win32-x86_64\bin\instrument.dll
Event: 0.306 Loaded shared library C:\Users\LENOVO\.vscode\extensions\redhat.java-1.40.0-win32-x64\jre\21.0.6-win32-x86_64\bin\net.dll
Event: 0.314 Loaded shared library C:\Users\LENOVO\.vscode\extensions\redhat.java-1.40.0-win32-x64\jre\21.0.6-win32-x86_64\bin\nio.dll
Event: 0.322 Loaded shared library C:\Users\LENOVO\.vscode\extensions\redhat.java-1.40.0-win32-x64\jre\21.0.6-win32-x86_64\bin\zip.dll
Event: 0.355 Loaded shared library C:\Users\LENOVO\.vscode\extensions\redhat.java-1.40.0-win32-x64\jre\21.0.6-win32-x86_64\bin\jimage.dll
Event: 0.509 Loaded shared library c:\Users\LENOVO\.vscode\extensions\redhat.java-1.40.0-win32-x64\jre\21.0.6-win32-x86_64\bin\verify.dll

Deoptimization events (20 events):
Event: 1.854 Thread 0x0000027a917eb720 DEOPT PACKING pc=0x0000027a9c50ade0 sp=0x0000009a978fe990
Event: 1.854 Thread 0x0000027a917eb720 DEOPT UNPACKING pc=0x0000027a9bf63aa2 sp=0x0000009a978fe940 mode 2
Event: 1.864 Thread 0x0000027a917eb720 Uncommon trap: trap_request=0xffffff45 fr.pc=0x0000027a9c4eefb0 relative=0x0000000000000f10
Event: 1.864 Thread 0x0000027a917eb720 Uncommon trap: reason=unstable_if action=reinterpret pc=0x0000027a9c4eefb0 method=lombok.patcher.PatchScript.classMatches(Ljava/lang/String;Ljava/util/Collection;)Z @ 25 c2
Event: 1.864 Thread 0x0000027a917eb720 DEOPT PACKING pc=0x0000027a9c4eefb0 sp=0x0000009a978f8f30
Event: 1.864 Thread 0x0000027a917eb720 DEOPT UNPACKING pc=0x0000027a9bf63aa2 sp=0x0000009a978f8ef0 mode 2
Event: 1.864 Thread 0x0000027a917eb720 Uncommon trap: trap_request=0xffffff45 fr.pc=0x0000027a9c4f3828 relative=0x0000000000000088
Event: 1.864 Thread 0x0000027a917eb720 Uncommon trap: reason=unstable_if action=reinterpret pc=0x0000027a9c4f3828 method=lombok.patcher.scripts.MethodLevelPatchScript.patch(Ljava/lang/String;[BLlombok/patcher/TransplantMapper;)[B @ 8 c2
Event: 1.864 Thread 0x0000027a917eb720 DEOPT PACKING pc=0x0000027a9c4f3828 sp=0x0000009a978f8fa0
Event: 1.864 Thread 0x0000027a917eb720 DEOPT UNPACKING pc=0x0000027a9bf63aa2 sp=0x0000009a978f8f30 mode 2
Event: 1.884 Thread 0x0000027a917eb720 DEOPT PACKING pc=0x0000027a94a8508d sp=0x0000009a978f47b0
Event: 1.884 Thread 0x0000027a917eb720 DEOPT UNPACKING pc=0x0000027a9bf64242 sp=0x0000009a978f3c60 mode 0
Event: 1.891 Thread 0x0000027a917eb720 DEOPT PACKING pc=0x0000027a94a8512e sp=0x0000009a978f8270
Event: 1.891 Thread 0x0000027a917eb720 DEOPT UNPACKING pc=0x0000027a9bf64242 sp=0x0000009a978f7720 mode 0
Event: 1.900 Thread 0x0000027a917eb720 DEOPT PACKING pc=0x0000027a94a8512e sp=0x0000009a978f47e0
Event: 1.900 Thread 0x0000027a917eb720 DEOPT UNPACKING pc=0x0000027a9bf64242 sp=0x0000009a978f3c90 mode 0
Event: 1.907 Thread 0x0000027a917eb720 DEOPT PACKING pc=0x0000027a94a8508d sp=0x0000009a978f4460
Event: 1.907 Thread 0x0000027a917eb720 DEOPT UNPACKING pc=0x0000027a9bf64242 sp=0x0000009a978f3910 mode 0
Event: 1.911 Thread 0x0000027a917eb720 DEOPT PACKING pc=0x0000027a94a8508d sp=0x0000009a978f7e00
Event: 1.911 Thread 0x0000027a917eb720 DEOPT UNPACKING pc=0x0000027a9bf64242 sp=0x0000009a978f72b0 mode 0

Classes loaded (20 events):
Event: 1.812 Loading class java/util/concurrent/LinkedTransferQueue$DualNode
Event: 1.812 Loading class java/util/concurrent/LinkedTransferQueue$DualNode done
Event: 1.813 Loading class java/util/concurrent/RejectedExecutionHandler
Event: 1.813 Loading class java/util/concurrent/RejectedExecutionHandler done
Event: 1.813 Loading class java/util/concurrent/LinkedBlockingQueue
Event: 1.813 Loading class java/util/concurrent/LinkedBlockingQueue done
Event: 1.813 Loading class java/util/concurrent/LinkedBlockingQueue$Node
Event: 1.813 Loading class java/util/concurrent/LinkedBlockingQueue$Node done
Event: 1.826 Loading class java/util/concurrent/Semaphore$NonfairSync
Event: 1.826 Loading class java/util/concurrent/Semaphore$Sync
Event: 1.826 Loading class java/util/concurrent/Semaphore$Sync done
Event: 1.826 Loading class java/util/concurrent/Semaphore$NonfairSync done
Event: 1.834 Loading class java/lang/reflect/TypeVariable
Event: 1.835 Loading class java/lang/reflect/TypeVariable done
Event: 1.835 Loading class java/lang/reflect/AnnotatedType
Event: 1.835 Loading class java/lang/reflect/AnnotatedType done
Event: 1.840 Loading class java/util/ComparableTimSort
Event: 1.840 Loading class java/util/ComparableTimSort done
Event: 1.873 Loading class java/lang/TypeNotPresentException
Event: 1.873 Loading class java/lang/TypeNotPresentException done

Classes unloaded (0 events):
No events

Classes redefined (0 events):
No events

Internal exceptions (20 events):
Event: 1.309 Thread 0x0000027a917eb720 Exception <a 'java/lang/NoSuchMethodError'{0x00000000ebeadda0}: 'java.lang.ClassLoader java.lang.ClassLoader.getPlatformClassLoader(java.lang.Class)'> (0x00000000ebeadda0) 
thrown [s\src\hotspot\share\interpreter\linkResolver.cpp, line 773]
Event: 1.453 Thread 0x0000027a917eb720 Exception <a 'java/lang/ClassNotFoundException'{0x00000000ec2b32d8}: sun/net/www/protocol/c/Handler> (0x00000000ec2b32d8) 
thrown [s\src\hotspot\share\classfile\systemDictionary.cpp, line 312]
Event: 1.454 Thread 0x0000027a917eb720 Exception <a 'java/lang/ClassNotFoundException'{0x00000000ec2b4668}: sun/net/www/protocol/c/Handler> (0x00000000ec2b4668) 
thrown [s\src\hotspot\share\classfile\systemDictionary.cpp, line 312]
Event: 1.455 Thread 0x0000027a917eb720 Exception <a 'java/lang/ClassNotFoundException'{0x00000000ec2b5830}: sun/net/www/protocol/c/Handler> (0x00000000ec2b5830) 
thrown [s\src\hotspot\share\classfile\systemDictionary.cpp, line 312]
Event: 1.468 Thread 0x0000027a917eb720 Exception <a 'java/io/FileNotFoundException'{0x00000000ec2dd948}> (0x00000000ec2dd948) 
thrown [s\src\hotspot\share\prims\jni.cpp, line 520]
Event: 1.540 Thread 0x0000027a917eb720 Implicit null exception at 0x0000027a9c4fa7a9 to 0x0000027a9c4fb2a0
Event: 1.541 Thread 0x0000027a917eb720 Implicit null exception at 0x0000027a9c4ff61a to 0x0000027a9c4ff820
Event: 1.541 Thread 0x0000027a917eb720 Exception <a 'java/lang/NoSuchMethodError'{0x00000000eab096a0}: 'void java.lang.invoke.DirectMethodHandle$Holder.invokeStatic(java.lang.Object, java.lang.Object, java.lang.Object, java.lang.Object)'> (0x00000000eab096a0) 
thrown [s\src\hotspot\share\interpreter\linkResolver.cpp, line 773]
Event: 1.543 Thread 0x0000027a917eb720 Implicit null exception at 0x0000027a9c50221a to 0x0000027a9c502424
Event: 1.663 Thread 0x0000027a917eb720 Exception <a 'java/lang/NoSuchMethodError'{0x00000000ead4c048}: 'long java.lang.invoke.DirectMethodHandle$Holder.invokeStatic(java.lang.Object, java.lang.Object, int)'> (0x00000000ead4c048) 
thrown [s\src\hotspot\share\interpreter\linkResolver.cpp, line 773]
Event: 1.665 Thread 0x0000027a917eb720 Exception <a 'java/lang/NoSuchMethodError'{0x00000000ead53bb0}: 'java.lang.Object java.lang.invoke.DirectMethodHandle$Holder.invokeSpecial(java.lang.Object, java.lang.Object, java.lang.Object, java.lang.Object, long)'> (0x00000000ead53bb0) 
thrown [s\src\hotspot\share\interpreter\linkResolver.cpp, line 773]
Event: 1.668 Thread 0x0000027a917eb720 Exception <a 'java/lang/NoSuchMethodError'{0x00000000ead61830}: 'java.lang.Object java.lang.invoke.DirectMethodHandle$Holder.invokeSpecial(java.lang.Object, java.lang.Object, java.lang.Object, int, java.lang.Object)'> (0x00000000ead61830) 
thrown [s\src\hotspot\share\interpreter\linkResolver.cpp, line 773]
Event: 1.674 Thread 0x0000027a917eb720 Exception <a 'java/lang/NoSuchMethodError'{0x00000000ead7b490}: 'java.lang.Object java.lang.invoke.Invokers$Holder.invokeExact_MT(java.lang.Object, java.lang.Object, java.lang.Object, java.lang.Object, java.lang.Object, java.lang.Object)'> (0x00000000ead7b490) 
thrown [s\src\hotspot\share\interpreter\linkResolver.cpp, line 773]
Event: 1.679 Thread 0x0000027a917eb720 Exception <a 'java/lang/NoSuchMethodError'{0x00000000ead94d60}: 'int java.lang.invoke.DirectMethodHandle$Holder.invokeStaticInit(java.lang.Object, java.lang.Object, java.lang.Object, java.lang.Object)'> (0x00000000ead94d60) 
thrown [s\src\hotspot\share\interpreter\linkResolver.cpp, line 773]
Event: 1.682 Thread 0x0000027a917eb720 Exception <a 'java/lang/NoSuchMethodError'{0x00000000ead9d7b0}: 'java.lang.Object java.lang.invoke.DirectMethodHandle$Holder.invokeInterface(java.lang.Object, java.lang.Object)'> (0x00000000ead9d7b0) 
thrown [s\src\hotspot\share\interpreter\linkResolver.cpp, line 773]
Event: 1.686 Thread 0x0000027a917eb720 Exception <a 'java/lang/IncompatibleClassChangeError'{0x00000000eada0ce8}: Found class java.lang.Object, but interface was expected> (0x00000000eada0ce8) 
thrown [s\src\hotspot\share\interpreter\linkResolver.cpp, line 840]
Event: 1.690 Thread 0x0000027a917eb720 Exception <a 'java/lang/NoSuchMethodError'{0x00000000eada4ea0}: 'void java.lang.invoke.DirectMethodHandle$Holder.invokeStatic(java.lang.Object, java.lang.Object)'> (0x00000000eada4ea0) 
thrown [s\src\hotspot\share\interpreter\linkResolver.cpp, line 773]
Event: 1.691 Thread 0x0000027a917eb720 Exception <a 'java/lang/NoSuchMethodError'{0x00000000eada8248}: 'void java.lang.invoke.DirectMethodHandle$Holder.invokeStaticInit(java.lang.Object, java.lang.Object)'> (0x00000000eada8248) 
thrown [s\src\hotspot\share\interpreter\linkResolver.cpp, line 773]
Event: 1.698 Thread 0x0000027a917eb720 Exception <a 'java/lang/NoSuchMethodError'{0x00000000eadaf2e8}: 'int java.lang.invoke.DirectMethodHandle$Holder.invokeStaticInit(java.lang.Object, java.lang.Object)'> (0x00000000eadaf2e8) 
thrown [s\src\hotspot\share\interpreter\linkResolver.cpp, line 773]
Event: 1.836 Thread 0x0000027a917eb720 Exception <a 'java/lang/NoSuchMethodError'{0x00000000eb073320}: 'int java.lang.invoke.DirectMethodHandle$Holder.invokeVirtual(java.lang.Object, java.lang.Object)'> (0x00000000eb073320) 
thrown [s\src\hotspot\share\interpreter\linkResolver.cpp, line 773]

ZGC Phase Switch (0 events):
No events

VM Operations (12 events):
Event: 0.216 Executing VM operation: HandshakeAllThreads (Deoptimize)
Event: 0.216 Executing VM operation: HandshakeAllThreads (Deoptimize) done
Event: 0.378 Executing VM operation: HandshakeAllThreads (Deoptimize)
Event: 0.378 Executing VM operation: HandshakeAllThreads (Deoptimize) done
Event: 0.963 Executing VM operation: HandshakeAllThreads (Deoptimize)
Event: 0.963 Executing VM operation: HandshakeAllThreads (Deoptimize) done
Event: 0.982 Executing VM operation: HandshakeAllThreads (Deoptimize)
Event: 0.982 Executing VM operation: HandshakeAllThreads (Deoptimize) done
Event: 1.468 Executing VM operation: ICBufferFull
Event: 1.469 Executing VM operation: ICBufferFull done
Event: 1.531 Executing VM operation: ParallelGCFailedAllocation (Allocation Failure)
Event: 1.539 Executing VM operation: ParallelGCFailedAllocation (Allocation Failure) done

Memory protections (0 events):
No events

Nmethod flushes (0 events):
No events

Events (11 events):
Event: 0.106 Thread 0x0000027a917eb720 Thread added: 0x0000027a917eb720
Event: 0.156 Thread 0x0000027a917eb720 Thread added: 0x0000027aa5b9cc20
Event: 0.156 Thread 0x0000027a917eb720 Thread added: 0x0000027aa5b9e160
Event: 0.157 Thread 0x0000027a917eb720 Thread added: 0x0000027aa5ba2d90
Event: 0.157 Thread 0x0000027a917eb720 Thread added: 0x0000027aa5ba49f0
Event: 0.157 Thread 0x0000027a917eb720 Thread added: 0x0000027aa5ba58a0
Event: 0.157 Thread 0x0000027a917eb720 Thread added: 0x0000027aa5ba6620
Event: 0.157 Thread 0x0000027a917eb720 Thread added: 0x0000027aa5baa530
Event: 0.158 Thread 0x0000027a917eb720 Thread added: 0x0000027aa5bc8480
Event: 0.196 Thread 0x0000027a917eb720 Thread added: 0x0000027ae872b960
Event: 0.689 Thread 0x0000027a917eb720 Thread added: 0x0000027ae8992fe0


Dynamic libraries:
0x00007ff641540000 - 0x00007ff64154e000 	c:\Users\LENOVO\.vscode\extensions\redhat.java-1.40.0-win32-x64\jre\21.0.6-win32-x86_64\bin\java.exe
0x00007ff91b1f0000 - 0x00007ff91b407000 	C:\Windows\SYSTEM32\ntdll.dll
0x00007ff91a540000 - 0x00007ff91a604000 	C:\Windows\System32\KERNEL32.DLL
0x00007ff918720000 - 0x00007ff918af0000 	C:\Windows\System32\KERNELBASE.dll
0x00007ff918600000 - 0x00007ff918711000 	C:\Windows\System32\ucrtbase.dll
0x00007ff9053c0000 - 0x00007ff9053d8000 	c:\Users\LENOVO\.vscode\extensions\redhat.java-1.40.0-win32-x64\jre\21.0.6-win32-x86_64\bin\jli.dll
0x00007ff904bd0000 - 0x00007ff904bee000 	c:\Users\LENOVO\.vscode\extensions\redhat.java-1.40.0-win32-x64\jre\21.0.6-win32-x86_64\bin\VCRUNTIME140.dll
0x00007ff91a2e0000 - 0x00007ff91a48e000 	C:\Windows\System32\USER32.dll
0x00007ff8fa440000 - 0x00007ff8fa6d2000 	C:\Windows\WinSxS\amd64_microsoft.windows.common-controls_6595b64144ccf1df_6.0.22621.4830_none_270fe7d773858e80\COMCTL32.dll
0x00007ff918c10000 - 0x00007ff918c36000 	C:\Windows\System32\win32u.dll
0x00007ff91a220000 - 0x00007ff91a249000 	C:\Windows\System32\GDI32.dll
0x00007ff918af0000 - 0x00007ff918c0b000 	C:\Windows\System32\gdi32full.dll
0x00007ff91a7d0000 - 0x00007ff91a877000 	C:\Windows\System32\msvcrt.dll
0x00007ff9184a0000 - 0x00007ff91853a000 	C:\Windows\System32\msvcp_win.dll
0x00007ff919370000 - 0x00007ff9193a1000 	C:\Windows\System32\IMM32.DLL
0x00007ff90fd50000 - 0x00007ff90fd5c000 	c:\Users\LENOVO\.vscode\extensions\redhat.java-1.40.0-win32-x64\jre\21.0.6-win32-x86_64\bin\vcruntime140_1.dll
0x00007ff8b4890000 - 0x00007ff8b491d000 	c:\Users\LENOVO\.vscode\extensions\redhat.java-1.40.0-win32-x64\jre\21.0.6-win32-x86_64\bin\msvcp140.dll
0x00007ff851020000 - 0x00007ff851db0000 	c:\Users\LENOVO\.vscode\extensions\redhat.java-1.40.0-win32-x64\jre\21.0.6-win32-x86_64\bin\server\jvm.dll
0x00007ff91afd0000 - 0x00007ff91b081000 	C:\Windows\System32\ADVAPI32.dll
0x00007ff91a490000 - 0x00007ff91a537000 	C:\Windows\System32\sechost.dll
0x00007ff918cc0000 - 0x00007ff918ce8000 	C:\Windows\System32\bcrypt.dll
0x00007ff91aeb0000 - 0x00007ff91afc4000 	C:\Windows\System32\RPCRT4.dll
0x00007ff91a260000 - 0x00007ff91a2d1000 	C:\Windows\System32\WS2_32.dll
0x00007ff918110000 - 0x00007ff91815d000 	C:\Windows\SYSTEM32\POWRPROF.dll
0x00007ff9126d0000 - 0x00007ff912704000 	C:\Windows\SYSTEM32\WINMM.dll
0x00007ff90d9d0000 - 0x00007ff90d9da000 	C:\Windows\SYSTEM32\VERSION.dll
0x00007ff9180f0000 - 0x00007ff918103000 	C:\Windows\SYSTEM32\UMPDC.dll
0x00007ff9174e0000 - 0x00007ff9174f8000 	C:\Windows\SYSTEM32\kernel.appcore.dll
0x00007ff905370000 - 0x00007ff90537a000 	c:\Users\LENOVO\.vscode\extensions\redhat.java-1.40.0-win32-x64\jre\21.0.6-win32-x86_64\bin\jimage.dll
0x00007ff915e40000 - 0x00007ff916072000 	C:\Windows\SYSTEM32\DBGHELP.DLL
0x00007ff919c30000 - 0x00007ff919fc0000 	C:\Windows\System32\combase.dll
0x00007ff91a880000 - 0x00007ff91a957000 	C:\Windows\System32\OLEAUT32.dll
0x00007ff9006f0000 - 0x00007ff900722000 	C:\Windows\SYSTEM32\dbgcore.DLL
0x00007ff918e60000 - 0x00007ff918edb000 	C:\Windows\System32\bcryptPrimitives.dll
0x00007ff903b80000 - 0x00007ff903b8f000 	c:\Users\LENOVO\.vscode\extensions\redhat.java-1.40.0-win32-x64\jre\21.0.6-win32-x86_64\bin\instrument.dll
0x00007ff8ef9a0000 - 0x00007ff8ef9bf000 	c:\Users\LENOVO\.vscode\extensions\redhat.java-1.40.0-win32-x64\jre\21.0.6-win32-x86_64\bin\java.dll
0x00007ff9193b0000 - 0x00007ff919c28000 	C:\Windows\System32\SHELL32.dll
0x00007ff9163b0000 - 0x00007ff916cc0000 	C:\Windows\SYSTEM32\windows.storage.dll
0x00007ff916270000 - 0x00007ff9163af000 	C:\Windows\SYSTEM32\wintypes.dll
0x00007ff91ab60000 - 0x00007ff91ac6a000 	C:\Windows\System32\SHCORE.dll
0x00007ff91aa70000 - 0x00007ff91aace000 	C:\Windows\System32\shlwapi.dll
0x00007ff9183d0000 - 0x00007ff9183fb000 	C:\Windows\SYSTEM32\profapi.dll
0x00007ff8ef8e0000 - 0x00007ff8ef8f8000 	c:\Users\LENOVO\.vscode\extensions\redhat.java-1.40.0-win32-x64\jre\21.0.6-win32-x86_64\bin\zip.dll
0x00007ff9039c0000 - 0x00007ff9039d0000 	C:\Users\LENOVO\.vscode\extensions\redhat.java-1.40.0-win32-x64\jre\21.0.6-win32-x86_64\bin\net.dll
0x00007ff913fb0000 - 0x00007ff9140dc000 	C:\Windows\SYSTEM32\WINHTTP.dll
0x00007ff917960000 - 0x00007ff9179ca000 	C:\Windows\system32\mswsock.dll
0x00007ff8ee7d0000 - 0x00007ff8ee7e6000 	C:\Users\LENOVO\.vscode\extensions\redhat.java-1.40.0-win32-x64\jre\21.0.6-win32-x86_64\bin\nio.dll
0x00007ff903870000 - 0x00007ff903880000 	c:\Users\LENOVO\.vscode\extensions\redhat.java-1.40.0-win32-x64\jre\21.0.6-win32-x86_64\bin\verify.dll

dbghelp: loaded successfully - version: 4.0.5 - missing functions: none
symbol engine: initialized successfully - sym options: 0x614 - pdb path: .;c:\Users\LENOVO\.vscode\extensions\redhat.java-1.40.0-win32-x64\jre\21.0.6-win32-x86_64\bin;C:\Windows\SYSTEM32;C:\Windows\WinSxS\amd64_microsoft.windows.common-controls_6595b64144ccf1df_6.0.22621.4830_none_270fe7d773858e80;c:\Users\LENOVO\.vscode\extensions\redhat.java-1.40.0-win32-x64\jre\21.0.6-win32-x86_64\bin\server

VM Arguments:
jvm_args: --add-modules=ALL-SYSTEM --add-opens=java.base/java.util=ALL-UNNAMED --add-opens=java.base/java.lang=ALL-UNNAMED --add-opens=java.base/sun.nio.fs=ALL-UNNAMED -Declipse.application=org.eclipse.jdt.ls.core.id1 -Dosgi.bundles.defaultStartLevel=4 -Declipse.product=org.eclipse.jdt.ls.core.product -Djava.import.generatesMetadataFilesAtProjectRoot=false -DDetectVMInstallationsJob.disabled=true -Dfile.encoding=utf8 -XX:+UseParallelGC -XX:GCTimeRatio=4 -XX:AdaptiveSizePolicyWeight=90 -Dsun.zip.disableMemoryMapping=true -Xmx1G -Xms100m -Xlog:disable -javaagent:c:\Users\LENOVO\.vscode\extensions\redhat.java-1.40.0-win32-x64\lombok\lombok-1.18.36.jar -XX:+HeapDumpOnOutOfMemoryError -XX:HeapDumpPath=c:\Users\LENOVO\AppData\Roaming\Code\User\workspaceStorage\eacd261f92831664c26fe119adcf6410\redhat.java -Daether.dependencyCollector.impl=bf 
java_command: c:\Users\LENOVO\.vscode\extensions\redhat.java-1.40.0-win32-x64\server\plugins\org.eclipse.equinox.launcher_1.6.1000.v20250131-0606.jar -configuration c:\Users\LENOVO\AppData\Roaming\Code\User\globalStorage\redhat.java\1.40.0\config_win -data c:\Users\LENOVO\AppData\Roaming\Code\User\workspaceStorage\eacd261f92831664c26fe119adcf6410\redhat.java\jdt_ws --pipe=\\.\pipe\lsp-8500dcbad681ac1cfb6a92da9dd25f2d-sock
java_class_path (initial): c:\Users\LENOVO\.vscode\extensions\redhat.java-1.40.0-win32-x64\server\plugins\org.eclipse.equinox.launcher_1.6.1000.v20250131-0606.jar
Launcher Type: SUN_STANDARD

[Global flags]
    uintx AdaptiveSizePolicyWeight                 = 90                                        {product} {command line}
     intx CICompilerCount                          = 4                                         {product} {ergonomic}
    uintx GCTimeRatio                              = 4                                         {product} {command line}
     bool HeapDumpOnOutOfMemoryError               = true                                   {manageable} {command line}
    ccstr HeapDumpPath                             = c:\Users\LENOVO\AppData\Roaming\Code\User\workspaceStorage\eacd261f92831664c26fe119adcf6410\redhat.java         {manageable} {command line}
   size_t InitialHeapSize                          = 104857600                                 {product} {command line}
   size_t MaxHeapSize                              = 1073741824                                {product} {command line}
   size_t MaxNewSize                               = 357564416                                 {product} {ergonomic}
   size_t MinHeapDeltaBytes                        = 524288                                    {product} {ergonomic}
   size_t MinHeapSize                              = 104857600                                 {product} {command line}
   size_t NewSize                                  = 34603008                                  {product} {ergonomic}
    uintx NonNMethodCodeHeapSize                   = 5839372                                {pd product} {ergonomic}
    uintx NonProfiledCodeHeapSize                  = 122909434                              {pd product} {ergonomic}
   size_t OldSize                                  = 70254592                                  {product} {ergonomic}
    uintx ProfiledCodeHeapSize                     = 122909434                              {pd product} {ergonomic}
    uintx ReservedCodeCacheSize                    = 251658240                              {pd product} {ergonomic}
     bool SegmentedCodeCache                       = true                                      {product} {ergonomic}
   size_t SoftMaxHeapSize                          = 1073741824                             {manageable} {ergonomic}
     bool UseCompressedOops                        = true                           {product lp64_product} {ergonomic}
     bool UseLargePagesIndividualAllocation        = false                                  {pd product} {ergonomic}
     bool UseParallelGC                            = true                                      {product} {command line}

Logging:
Log output configuration:
 #0: stdout all=off uptime,level,tags foldmultilines=false
 #1: stderr all=off uptime,level,tags foldmultilines=false

Environment Variables:
PATH=C:\Program Files\Common Files\Oracle\Java\javapath;C:\Program Files (x86)\Common Files\Oracle\Java\java8path;C:\Program Files (x86)\Common Files\Oracle\Java\javapath;C:\Program Files\Python312\Scripts\;C:\Program Files\Python312\;C:\Windows\system32;C:\Windows;C:\Windows\System32\Wbem;C:\Windows\System32\WindowsPowerShell\v1.0\;C:\Windows\System32\OpenSSH\;C:\Program Files\Git\cmd;C:\Program Files\nodejs\;C:\Program Files\MySQL\MySQL Server 8.0\bin;C:\Users\LENOVO\Desktop\babyq_backend\babyq\apache-maven-3.9.9\bin;C:\Users\LENOVO\AppData\Local\Microsoft\WindowsApps;C:\Users\LENOVO\AppData\Local\Programs\Microsoft VS Code\bin;C:\Program Files\JetBrains\IntelliJ IDEA 2024.2.4\bin;;C:\Program Files\JetBrains\IntelliJ IDEA Community Edition 2024.1.1\bin;;C:\Program Files\PostgreSQL\17\bin;C:\Users\LENOVO\AppData\Roaming\npm;C:\Users\LENOVO\AppData\Local\GitHubDesktop\bin;
USERNAME=LENOVO
OS=Windows_NT
PROCESSOR_IDENTIFIER=AMD64 Family 23 Model 160 Stepping 0, AuthenticAMD
TMP=C:\Users\LENOVO\AppData\Local\Temp
TEMP=C:\Users\LENOVO\AppData\Local\Temp




Periodic native trim disabled

---------------  S Y S T E M  ---------------

OS:
 Windows 11 , 64 bit Build 22621 (10.0.22621.4830)
OS uptime: 3 days 0:41 hours
Hyper-V role detected

CPU: total 8 (initial active 8) (8 cores per cpu, 2 threads per core) family 23 model 160 stepping 0 microcode 0x0, cx8, cmov, fxsr, ht, mmx, 3dnowpref, sse, sse2, sse3, ssse3, sse4a, sse4.1, sse4.2, popcnt, lzcnt, tsc, tscinvbit, avx, avx2, aes, clmul, bmi1, bmi2, adx, sha, fma, vzeroupper, clflush, clflushopt, hv, rdtscp, rdpid, f16c
Processor Information for the first 8 processors :
  Max Mhz: 2401, Current Mhz: 2401, Mhz Limit: 2401

Memory: 4k page, system-wide physical 5877M (50M free)
TotalPageFile size 24309M (AvailPageFile size 58M)
current process WorkingSet (physical memory assigned to process): 81M, peak: 81M
current process commit charge ("private bytes"): 200M, peak: 200M

vm_info: OpenJDK 64-Bit Server VM (21.0.6+7-LTS) for windows-amd64 JRE (21.0.6+7-LTS), built on 2025-01-21T00:00:00Z by "admin" with MS VC++ 17.7 (VS2022)

END.
